#,,,"generated_by='OpenQuake engine 3.13.0-gitfd10c012c5', start_date='2021-11-10T11:21:08', checksum=3460061834, investigation_time=None, risk_investigation_time=None"
loss_type,id,loss_value,loss_ratio
structural,a1,2.00000E+01,2.00000E-03
structural,*total*,2.00000E+01,2.00000E-03
