#,,,,"generated_by='OpenQuake engine 3.12.0-git67bc686664', start_date='2021-05-14T08:43:41', checksum=3590982611, investigation_time=1.0, risk_investigation_time=1.0"
event_id,loss,loss_type,rup_id,year
0,2.95177E+02,structural,0,1
1,3.59865E+02,structural,1,1
2,4.22236E+03,structural,2,1
3,3.82161E+03,structural,3,1
