#,,,"generated_by='OpenQuake engine 3.13.0-git7a6dec73a0', start_date='2021-11-10T11:34:58', checksum=147663202, investigation_time=1000.0, risk_investigation_time=1.0"
loss_type,NAME_1,loss_value,loss_ratio
structural,West,1.06741E+06,1.00909E-02
structural,Far-Western,7.30716E+05,2.03786E-02
structural,Mid-Western,2.21165E+06,2.16677E-02
structural,East,2.61262E+06,1.96478E-02
structural,Central,4.52427E+07,3.73759E-02
structural,*total*,5.18651E+07,3.26780E-02
