+------+-----------------------+-----------+---------------+-----------+------------+
| loss | business_interruption | contents  | nonstructural | occupants | structural |
+------+-----------------------+-----------+---------------+-----------+------------+
| avg  | 198_305               | 1_698_596 | 3_164_312     | 6.23916   | 784_434    |
+------+-----------------------+-----------+---------------+-----------+------------+