#,,,,,,,,,,,,,,,,,,,,,,,,,,,,,,,,,,,,,,,,,,,,,,,"generated_by='OpenQuake engine 3.13.0-git8f2eedb69b', start_date='2022-01-12T18:16:54', checksum=1758247745, kind='mean', investigation_time=1.0, imt='SA(0.2)'"
lon,lat,depth,poe-0.0050000,poe-0.0057376,poe-0.0065840,poe-0.0075552,poe-0.0086698,poe-0.0099487,poe-0.0114163,poe-0.0131004,poe-0.0150330,poe-0.0172506,poe-0.0197953,poe-0.0227155,poe-0.0260664,poe-0.0299117,poe-0.0343242,poe-0.0393876,poe-0.0451980,poe-0.0518655,poe-0.0595165,poe-0.0682963,poe-0.0783711,poe-0.0899323,poe-0.1031988,poe-0.1184225,poe-0.1358919,poe-0.1559383,poe-0.1789419,poe-0.2053390,poe-0.2356300,poe-0.2703896,poe-0.3102768,poe-0.3560480,poe-0.4085713,poe-0.4688427,poe-0.5380052,poe-0.6173704,poe-0.7084434,poe-0.8129511,poe-0.9328756,poe-1.0704911,poe-1.2284072,poe-1.4096188,poe-1.6175622,poe-1.8561809,poe-2.1300000
1.00000,0.10000,0.00000,3.989106E-02,3.989106E-02,3.989106E-02,3.989106E-02,3.989106E-02,3.989106E-02,3.989106E-02,3.989097E-02,3.988924E-02,3.988255E-02,3.986524E-02,3.982791E-02,3.975504E-02,3.961845E-02,3.938504E-02,3.901166E-02,3.844669E-02,3.762887E-02,3.649452E-02,3.498669E-02,3.306587E-02,3.072106E-02,2.797873E-02,2.490702E-02,2.161325E-02,1.823392E-02,1.491851E-02,1.180998E-02,9.026247E-03,6.646594E-03,4.705706E-03,3.195972E-03,2.076399E-03,1.285220E-03,7.533882E-04,4.140018E-04,2.090367E-04,9.279467E-05,3.246561E-05,7.846078E-06,6.146182E-07,0.000000E+00,0.000000E+00,0.000000E+00,0.000000E+00
